../Core/Src/main.c:78:6:HAL_TIM_PeriodElapsedCallback	16	static
../Core/Src/main.c:119:19:lsm6dsox_enable_accel	24	static
../Core/Src/main.c:131:19:lsm6dsox_enable_gyro	24	static
../Core/Src/main.c:143:6:moveForward	120	static
../Core/Src/main.c:185:6:turnRight	24	static
../Core/Src/main.c:212:6:turnLeft	24	static
../Core/Src/main.c:240:6:decisions	16	static
../Core/Src/main.c:268:5:main	16	static
../Core/Src/main.c:382:6:SystemClock_Config	88	static
../Core/Src/main.c:430:13:MX_I2C1_Init	8	static
../Core/Src/main.c:464:13:MX_TIM1_Init	56	static
../Core/Src/main.c:515:13:MX_TIM3_Init	48	static
../Core/Src/main.c:576:13:MX_TIM4_Init	56	static
../Core/Src/main.c:625:13:MX_TIM6_Init	16	static
../Core/Src/main.c:663:13:MX_GPIO_Init	40	static
../Core/Src/main.c:703:6:Error_Handler	4	static,ignoring_inline_asm
