../Core/Src/solver.c:33:5:checkTravelArray	16	static
../Core/Src/solver.c:38:6:updateTravelArray	16	static
../Core/Src/solver.c:43:6:updateFloodArray	24	static
../Core/Src/solver.c:48:5:getFloodArray	16	static
../Core/Src/solver.c:54:6:updatePathArray	24	static
../Core/Src/solver.c:59:9:getPathArray	16	static
../Core/Src/solver.c:68:6:resetFloodArray	16	static
../Core/Src/solver.c:100:5:checkWall	24	static
../Core/Src/solver.c:111:7:incrementCoord	56	static
../Core/Src/solver.c:123:8:API_turnLeft	4	static
../Core/Src/solver.c:130:8:API_turnRight	4	static
../Core/Src/solver.c:136:15:mouseInGoal	4	static
../Core/Src/solver.c:144:5:getNeighbor	24	static
../Core/Src/solver.c:162:6:generateNeighbor	64	static
../Core/Src/solver.c:204:6:floodFill	144	static
../Core/Src/solver.c:239:6:placeWall	24	static
../Core/Src/solver.c:257:6:generateInitialWalls	48	static
../Core/Src/solver.c:272:6:updateWalls	8	static
../Core/Src/solver.c:282:8:nextAction	40	static
../Core/Src/solver.c:326:6:checkDestination	16	static
../Core/Src/solver.c:349:8:solver	8	static
